// Jest Snapshot v1, https://goo.gl/fbAQLP

exports[`Validator.js Test Suite should match snapshot 1`] = `
<p>
  inner text
</p>
`;
