// Jest Snapshot v1, https://goo.gl/fbAQLP

exports[`NavBack.js Test Suite should match snapshot 1`] = `
<ui5-button
  data-testid="navback-wrapper"
  design="Transparent"
  icon="nav-back"
>
  Back
</ui5-button>
`;
