// Jest Snapshot v1, https://goo.gl/fbAQLP

exports[`Pagination.js Test Suite should match snapshot 1`] = `
<div
  class="FlexBox-flexBox-0-2-1 FlexBox-flexBoxDirectionRow-0-2-10 FlexBox-justifyContentCenter-0-2-5 FlexBox-alignItemsStart-0-2-12 FlexBox-flexWrapNoWrap-0-2-17"
  data-testid="pagination-wrapper"
  style="margin: 2rem;"
>
  <ui5-button
    data-testid="leftarrow-pagination-wrapper"
    design="Transparent"
    disabled="true"
  >
    &lt;
  </ui5-button>
  <ui5-button
    data-testid="selectedPage-pagination-wrapper"
    design="Emphasized"
    style="margin-right: 0.5rem;"
  >
    1
  </ui5-button>
  <ui5-button
    data-testid="nextPage-pagination-wrapper"
    design="Transparent"
    style="margin-right: 0.5rem;"
  >
    2
  </ui5-button>
  <ui5-button
    data-testid="afterarrow-pagination-wrapper"
    design="Transparent"
  >
    &gt;
  </ui5-button>
</div>
`;
