// Jest Snapshot v1, https://goo.gl/fbAQLP

exports[`Label.js Test Suite should match snapshot 1`] = `
<DocumentFragment>
  Label {
    "_domRefReadyPromise": Promise {
      "_deferredResolve": [Function],
    },
    "_firePropertyChange": false,
    "_fullyConnected": false,
    "_inDOM": false,
    "_monitoredChildProps": Map {},
    "_shouldInvalidateParent": false,
    "_state": Object {
      "for": "",
      "required": false,
      "showColon": false,
      "wrap": true,
    },
    "_upToDate": false,
  }
</DocumentFragment>
`;
