// Jest Snapshot v1, https://goo.gl/fbAQLP

exports[`should match snapshot 1`] = `
<DocumentFragment>
  <div
    class="FlexBox-flexBox-0-2-1 FlexBox-flexBoxDirectionColumn-0-2-8 FlexBox-justifyContentCenter-0-2-5 FlexBox-alignItemsCenter-0-2-14 FlexBox-flexWrapNoWrap-0-2-17"
    style="width: 100%; height: auto;"
  >
    <ui5-link
      design="Emphasized"
    />
  </div>
</DocumentFragment>
`;
