// Jest Snapshot v1, https://goo.gl/fbAQLP

exports[`should match snapshot 1`] = `
<ui5-link
  data-testid="link-wrapper"
  design="Emphasized"
/>
`;
